+ main --aws-account 069218930244 --github-repo-owner samuel40791765 --github-source-version accp-ci --action update-ci
+ [[ 8 -gt 0 ]]
+ case ${1} in
+ export CDK_DEPLOY_ACCOUNT=069218930244
+ CDK_DEPLOY_ACCOUNT=069218930244
+ shift
+ shift
+ [[ 6 -gt 0 ]]
+ case ${1} in
+ export GITHUB_REPO_OWNER=samuel40791765
+ GITHUB_REPO_OWNER=samuel40791765
+ shift
+ shift
+ [[ 4 -gt 0 ]]
+ case ${1} in
+ export GITHUB_SOURCE_VERSION=accp-ci
+ GITHUB_SOURCE_VERSION=accp-ci
+ shift
+ shift
+ [[ 2 -gt 0 ]]
+ case ${1} in
+ export ACTION=update-ci
+ ACTION=update-ci
+ shift
+ shift
+ [[ 0 -gt 0 ]]
+ [[ -z x ]]
+ [[ -z update-ci ]]
+ export_global_variables
+ [[ -z x ]]
+ [[ -z 069218930244 ]]
+ [[ -z '' ]]
+ export CDK_DEPLOY_REGION=us-west-2
+ CDK_DEPLOY_REGION=us-west-2
+ [[ -z x ]]
+ [[ -z samuel40791765 ]]
+ [[ -z x ]]
+ [[ -z accp-ci ]]
++ date +%Y-%m-%d-%H-%M
+ DATE_NOW=2022-05-12-00-11
+ export GITHUB_REPO=amazon-corretto-crypto-provider
+ GITHUB_REPO=amazon-corretto-crypto-provider
+ export ECR_LINUX_X86_REPO_NAME=accp-docker-images-linux-x86
+ ECR_LINUX_X86_REPO_NAME=accp-docker-images-linux-x86
+ export IMG_BUILD_STATUS=unknown
+ IMG_BUILD_STATUS=unknown
+ case ${ACTION} in
+ create_github_ci_stack
+ cdk deploy 'accp-ci-*' --require-approval never
!!!!!!!!!!!!!!!!!!!!!!!!!!!!!!!!!!!!!!!!!!!!!!!!!!!!!!!!!!!!!!!!!!!!!!!!!!!!!!!!!!!!!!
!!                                                                                  !!
!!  Node v10.19.0 has reached end-of-life and is not supported.                     !!
!!  You may to encounter runtime issues, and should switch to a supported release.  !!
!!                                                                                  !!
!!  As of the current release, supported versions of node are:                      !!
!!  - ^12.7.0                                                                       !!
!!  - ^14.5.0                                                                       !!
!!  - ^16.3.0                                                                       !!
!!  - ^17.3.0                                                                       !!
!!                                                                                  !!
!!!!!!!!!!!!!!!!!!!!!!!!!!!!!!!!!!!!!!!!!!!!!!!!!!!!!!!!!!!!!!!!!!!!!!!!!!!!!!!!!!!!!!
b'!!!!!!!!!!!!!!!!!!!!!!!!!!!!!!!!!!!!!!!!!!!!!!!!!!!!!!!!!!!!!!!!!!!!!!!!!!!!!!!!\n'
b'!!                                                                            !!\n'
b'!!  Node 10 has reached end-of-life and is not supported.                     !!\n'
b'!!  Please upgrade to a supported node version as soon as possible.           !!\n'
b'!!                                                                            !!\n'
b'!!  This software is currently running on node v10.19.0.                      !!\n'
b'!!  As of the current release of this software, supported node releases are:  !!\n'
b'!!  - ^18.0.0 (Planned end-of-life: 2025-04-30)                               !!\n'
b'!!  - ^16.3.0 (Planned end-of-life: 2024-04-30)                               !!\n'
b'!!  - ^14.5.0 (Planned end-of-life: 2023-04-30)                               !!\n'
b'!!  - ^17.3.0 (Planned end-of-life: 2022-06-01) [DEPRECATED]                  !!\n'
b'!!                                                                            !!\n'
b'!!!!!!!!!!!!!!!!!!!!!!!!!!!!!!!!!!!!!!!!!!!!!!!!!!!!!!!!!!!!!!!!!!!!!!!!!!!!!!!!\n'

✨  Synthesis time: 2.17s

accp-ci-linux-x86: deploying...
accp-ci-linux-x86: creating CloudFormation changeset...
accp-ci-linux-x86 | 0/5 | 12:11:19 AM | UPDATE_IN_PROGRESS   | AWS::CloudFormation::Stack | accp-ci-linux-x86 User Initiated
accp-ci-linux-x86 | 0/5 | 12:11:24 AM | UPDATE_IN_PROGRESS   | AWS::CodeBuild::Project | accp-ci-linux-x86 (accpcilinuxx86FE93968A) 
accp-ci-linux-x86 | 1/5 | 12:11:27 AM | UPDATE_COMPLETE      | AWS::CodeBuild::Project | accp-ci-linux-x86 (accpcilinuxx86FE93968A) 
accp-ci-linux-x86 | 2/5 | 12:11:31 AM | UPDATE_COMPLETE_CLEA | AWS::CloudFormation::Stack | accp-ci-linux-x86 
accp-ci-linux-x86 | 3/5 | 12:11:32 AM | UPDATE_COMPLETE      | AWS::CloudFormation::Stack | accp-ci-linux-x86 

 ✅  accp-ci-linux-x86

✨  Deployment time: 26.15s

Stack ARN:
arn:aws:cloudformation:us-west-2:069218930244:stack/accp-ci-linux-x86/a5949870-d184-11ec-8377-06004813a4d5

✨  Total time: 28.32s


NOTICES

19836	AWS CDK v1 entering maintenance mode soon

	Overview: AWS CDK v1 is entering maintenance mode on June 1, 2022.
	          Migrate to AWS CDK v2 to continue to get the latest features
	          and fixes!

	Affected versions: framework: 1.*, cli: 1.*

	More information at: https://github.com/aws/aws-cdk/issues/19836


If you don’t want to see a notice anymore, use "cdk acknowledge <id>". For example, "cdk acknowledge 19836".
